// Jest Snapshot v1, https://goo.gl/fbAQLP

exports[`checks that App Dom renders correctly 1`] = `
<div
  className="App"
>
  <header
    className="App-header"
  >
    <hi>
      Hello world
    </hi>
  </header>
</div>
`;
